// Jest Snapshot v1, https://goo.gl/fbAQLP

exports[`components/admin_console/group_settings/group_details/GroupUsersRow should match snapshot 1`] = `
Object {
  "asFragment": [Function],
  "baseElement": <body>
    <div>
      <div
        class="group-users-row"
      >
        <img
          alt="test profile image"
          class="Avatar Avatar-lg"
          loading="lazy"
          src="/api/v4/users/xxxxxxxxxxxxxxxxxxxxxxxxxx/image"
          tabindex="0"
        />
        <div
          class="user-data"
        >
          <div
            class="name-row"
          >
            <span
              class="username"
            >
              @test
            </span>
            -
            <span
              class="display-name"
            >
              Test display name
            </span>
          </div>
          <div>
            <span
              class="email-label"
            >
              Email:
            </span>
            <span
              class="email"
            >
              test@test.com
            </span>
          </div>
        </div>
      </div>
    </div>
  </body>,
  "container": <div>
    <div
      class="group-users-row"
    >
      <img
        alt="test profile image"
        class="Avatar Avatar-lg"
        loading="lazy"
        src="/api/v4/users/xxxxxxxxxxxxxxxxxxxxxxxxxx/image"
        tabindex="0"
      />
      <div
        class="user-data"
      >
        <div
          class="name-row"
        >
          <span
            class="username"
          >
            @test
          </span>
          -
          <span
            class="display-name"
          >
            Test display name
          </span>
        </div>
        <div>
          <span
            class="email-label"
          >
            Email:
          </span>
          <span
            class="email"
          >
            test@test.com
          </span>
        </div>
      </div>
    </div>
  </div>,
  "debug": [Function],
  "findAllByAltText": [Function],
  "findAllByDisplayValue": [Function],
  "findAllByLabelText": [Function],
  "findAllByPlaceholderText": [Function],
  "findAllByRole": [Function],
  "findAllByTestId": [Function],
  "findAllByText": [Function],
  "findAllByTitle": [Function],
  "findByAltText": [Function],
  "findByDisplayValue": [Function],
  "findByLabelText": [Function],
  "findByPlaceholderText": [Function],
  "findByRole": [Function],
  "findByTestId": [Function],
  "findByText": [Function],
  "findByTitle": [Function],
  "getAllByAltText": [Function],
  "getAllByDisplayValue": [Function],
  "getAllByLabelText": [Function],
  "getAllByPlaceholderText": [Function],
  "getAllByRole": [Function],
  "getAllByTestId": [Function],
  "getAllByText": [Function],
  "getAllByTitle": [Function],
  "getByAltText": [Function],
  "getByDisplayValue": [Function],
  "getByLabelText": [Function],
  "getByPlaceholderText": [Function],
  "getByRole": [Function],
  "getByTestId": [Function],
  "getByText": [Function],
  "getByTitle": [Function],
  "queryAllByAltText": [Function],
  "queryAllByDisplayValue": [Function],
  "queryAllByLabelText": [Function],
  "queryAllByPlaceholderText": [Function],
  "queryAllByRole": [Function],
  "queryAllByTestId": [Function],
  "queryAllByText": [Function],
  "queryAllByTitle": [Function],
  "queryByAltText": [Function],
  "queryByDisplayValue": [Function],
  "queryByLabelText": [Function],
  "queryByPlaceholderText": [Function],
  "queryByRole": [Function],
  "queryByTestId": [Function],
  "queryByText": [Function],
  "queryByTitle": [Function],
  "rerender": [Function],
  "unmount": [Function],
}
`;
