// Jest Snapshot v1, https://goo.gl/fbAQLP

exports[`components/AutosizeTextarea should match snapshot, init 1`] = `
Object {
  "asFragment": [Function],
  "baseElement": <body>
    <div>
      <div>
        <div
          data-testid="autosize_textarea_placeholder"
          id="autosize_textarea_placeholder"
          style="overflow: hidden; text-overflow: ellipsis; opacity: 0.5; pointer-events: none; position: absolute; white-space: nowrap; background: none; border-color: transparent;"
        />
        <textarea
          aria-label=""
          data-testid="autosize_textarea"
          dir="auto"
          height="0"
          id="autosize_textarea"
          role="textbox"
          rows="1"
        />
        <div
          style="height: 0px; overflow: hidden;"
        >
          <textarea
            aria-hidden="true"
            dir="auto"
            disabled=""
            id="autosize_textarea-reference"
            rows="1"
            style="height: auto; width: 100%;"
          />
          <div
            id="autosize_textarea-measuring"
            style="width: auto; display: inline-block;"
          />
        </div>
      </div>
    </div>
  </body>,
  "container": <div>
    <div>
      <div
        data-testid="autosize_textarea_placeholder"
        id="autosize_textarea_placeholder"
        style="overflow: hidden; text-overflow: ellipsis; opacity: 0.5; pointer-events: none; position: absolute; white-space: nowrap; background: none; border-color: transparent;"
      />
      <textarea
        aria-label=""
        data-testid="autosize_textarea"
        dir="auto"
        height="0"
        id="autosize_textarea"
        role="textbox"
        rows="1"
      />
      <div
        style="height: 0px; overflow: hidden;"
      >
        <textarea
          aria-hidden="true"
          dir="auto"
          disabled=""
          id="autosize_textarea-reference"
          rows="1"
          style="height: auto; width: 100%;"
        />
        <div
          id="autosize_textarea-measuring"
          style="width: auto; display: inline-block;"
        />
      </div>
    </div>
  </div>,
  "debug": [Function],
  "findAllByAltText": [Function],
  "findAllByDisplayValue": [Function],
  "findAllByLabelText": [Function],
  "findAllByPlaceholderText": [Function],
  "findAllByRole": [Function],
  "findAllByTestId": [Function],
  "findAllByText": [Function],
  "findAllByTitle": [Function],
  "findByAltText": [Function],
  "findByDisplayValue": [Function],
  "findByLabelText": [Function],
  "findByPlaceholderText": [Function],
  "findByRole": [Function],
  "findByTestId": [Function],
  "findByText": [Function],
  "findByTitle": [Function],
  "getAllByAltText": [Function],
  "getAllByDisplayValue": [Function],
  "getAllByLabelText": [Function],
  "getAllByPlaceholderText": [Function],
  "getAllByRole": [Function],
  "getAllByTestId": [Function],
  "getAllByText": [Function],
  "getAllByTitle": [Function],
  "getByAltText": [Function],
  "getByDisplayValue": [Function],
  "getByLabelText": [Function],
  "getByPlaceholderText": [Function],
  "getByRole": [Function],
  "getByTestId": [Function],
  "getByText": [Function],
  "getByTitle": [Function],
  "queryAllByAltText": [Function],
  "queryAllByDisplayValue": [Function],
  "queryAllByLabelText": [Function],
  "queryAllByPlaceholderText": [Function],
  "queryAllByRole": [Function],
  "queryAllByTestId": [Function],
  "queryAllByText": [Function],
  "queryAllByTitle": [Function],
  "queryByAltText": [Function],
  "queryByDisplayValue": [Function],
  "queryByLabelText": [Function],
  "queryByPlaceholderText": [Function],
  "queryByRole": [Function],
  "queryByTestId": [Function],
  "queryByText": [Function],
  "queryByTitle": [Function],
  "rerender": [Function],
  "unmount": [Function],
}
`;
