// Jest Snapshot v1, https://goo.gl/fbAQLP

exports[`components/ChannelInfoModal should match snapshot 1`] = `
Object {
  "asFragment": [Function],
  "baseElement": <body
    class="modal-open"
    style="padding-right: 0px;"
  >
    <div
      aria-hidden="true"
    />
    <div
      role="dialog"
    >
      <div
        class="fade modal-backdrop in"
      />
      <div
        aria-labelledby="postDeletedModalLabel"
        class="fade in modal"
        data-testid="postDeletedModal"
        role="dialog"
        style="display: block; padding-right: 0px;"
        tabindex="-1"
      >
        <div
          class="a11y__modal modal-dialog"
        >
          <div
            class="modal-content"
            role="document"
          >
            <div
              class="modal-header"
            >
              <button
                aria-label="Close"
                class="close"
                type="button"
              >
                <span
                  aria-hidden="true"
                >
                  Ã—
                </span>
                <span
                  class="sr-only"
                >
                  Close
                </span>
              </button>
              <h1
                class="modal-title"
                id="postDeletedModalLabel"
              >
                Comment could not be posted
              </h1>
            </div>
            <div
              class="modal-body"
            >
              <p>
                Someone deleted the message on which you tried to post a comment.
              </p>
            </div>
            <div
              class="modal-footer"
            >
              <button
                class="btn btn-primary"
                data-testid="postDeletedModalOkButton"
                type="button"
              >
                Okay
              </button>
            </div>
          </div>
        </div>
      </div>
    </div>
  </body>,
  "container": <div
    aria-hidden="true"
  />,
  "debug": [Function],
  "findAllByAltText": [Function],
  "findAllByDisplayValue": [Function],
  "findAllByLabelText": [Function],
  "findAllByPlaceholderText": [Function],
  "findAllByRole": [Function],
  "findAllByTestId": [Function],
  "findAllByText": [Function],
  "findAllByTitle": [Function],
  "findByAltText": [Function],
  "findByDisplayValue": [Function],
  "findByLabelText": [Function],
  "findByPlaceholderText": [Function],
  "findByRole": [Function],
  "findByTestId": [Function],
  "findByText": [Function],
  "findByTitle": [Function],
  "getAllByAltText": [Function],
  "getAllByDisplayValue": [Function],
  "getAllByLabelText": [Function],
  "getAllByPlaceholderText": [Function],
  "getAllByRole": [Function],
  "getAllByTestId": [Function],
  "getAllByText": [Function],
  "getAllByTitle": [Function],
  "getByAltText": [Function],
  "getByDisplayValue": [Function],
  "getByLabelText": [Function],
  "getByPlaceholderText": [Function],
  "getByRole": [Function],
  "getByTestId": [Function],
  "getByText": [Function],
  "getByTitle": [Function],
  "queryAllByAltText": [Function],
  "queryAllByDisplayValue": [Function],
  "queryAllByLabelText": [Function],
  "queryAllByPlaceholderText": [Function],
  "queryAllByRole": [Function],
  "queryAllByTestId": [Function],
  "queryAllByText": [Function],
  "queryAllByTitle": [Function],
  "queryByAltText": [Function],
  "queryByDisplayValue": [Function],
  "queryByLabelText": [Function],
  "queryByPlaceholderText": [Function],
  "queryByRole": [Function],
  "queryByTestId": [Function],
  "queryByText": [Function],
  "queryByTitle": [Function],
  "rerender": [Function],
  "unmount": [Function],
}
`;
